072582b0-525f-4660-a6f0-5446833c401a root@9858affe580c:/github/workspace/templateflow/tpl-MNI152NLin6Asym timestamp=1754672152.152496s
079c00d9-879c-4da5-8e02-23d17cb6922b oesteban@dendrite:~/templateflow/tpl-MNI152NLin6Asym timestamp=1641394177.695252s
143a075f-ac8a-485e-9755-e798b382969e root@a5fa1d3df57e:/github/workspace/templateflow/tpl-MNI152NLin6Asym timestamp=1754764799.761725s
1d923f27-d649-4970-9cf8-62b465508f8d mathiasg@PSY-C02ZL00SLVDP.local:~/code/extra/templateflow/tpl-MNI152NLin6Asym timestamp=1574451380.126413s
27a490a6-bccb-490b-ac0c-b214fc9e8ca5 mathiasg@PSY-C02ZL00SLVDP.local:~/Desktop/tpl-MNI152NLin6Asym timestamp=1574456805.003965s
2faccd06-d180-47f6-8011-705760ec8b40 oesteban@oscars-MacBook-Pro.local:~/tmp/templateflow/tpl-MNI152NLin6Asym timestamp=1629966410.515498s
31a8f640-48a8-4d47-bbbb-28eee51eda70 s3 timestamp=1641385114.676431s
32b9a0cb-1da3-4eec-bba9-5295881bc365 gin-src timestamp=1641498406.450869s
400f68d4-1f08-48c9-b808-774067d908b6 oesteban@hos65851:/data/datasets/templateflow/tpl-MNI152NLin6Asym timestamp=1767686937.809868968s
77501617-2191-465e-9d6f-a84e66ab973d oesteban@dendrite:~/datalad/templateflow/tpl-MNI152NLin6Asym timestamp=1629991833.044215s
77709f17-75fa-4b6c-87af-c321788d77a8 s3 timestamp=1762975606s
93f2b47d-3b6a-4a4e-a2bd-fa534aa7d2b1 oesteban@oscars-MacBook-Pro.local:~/tmp/tpl-MNI152NLin6Asym timestamp=1641387425.062118s
98fbb411-27a2-4535-a9e2-9e50c8573db0 oesteban@dendrite:~/datalad/templateflow/tpl-MNI152NLin6Asym timestamp=1553831715.135747347s
a391ed2e-40f7-4454-aed4-932fa2750a74 oesteban@oscars-MacBook-Pro.local:~/datalad/templateflow/tpl-MNI152NLin6Asym timestamp=1630446302.622812s
c14badf3-3964-4e23-886d-753f6096fd48 oesteban@dendrite:~/datalad/templateflow/tpl-MNI152NLin6Asym timestamp=1553817870.463818983s
c5471df9-f6e6-4f95-b7ab-11b928bb1166 root@377fb2403b1d:/github/workspace/templateflow/tpl-MNI152NLin6Asym timestamp=1767694207.342297s
cf598ee0-c095-4c64-a926-f450eae13dde root@fb5540b1124e:/github/workspace/templateflow/tpl-MNI152NLin6Asym timestamp=1755021872.163599s
d2e62ebb-3d74-4801-9126-14e62f43a358 oesteban@oscars-MacBook-Pro.local:~/tmp/templateflow/tpl-MNI152NLin6Asym timestamp=1630074159.902164s
d59e7885-4064-4c77-b1ce-71047a06fead mathiasg@PSY-C02ZL00SLVDP.local:~/code/datalad/templateflow/tpl-MNI152NLin6Asym timestamp=1582837255.546726s
d876c126-e2cf-413c-a3c0-69e2d62a15bd oesteban@hos65851:~/tmp/templateflow/tpl-MNI152NLin6Asym timestamp=1690378404.000525s
e2e66791-db6f-47f0-8f17-22c5e5125d1e oesteban@dendrite:~/templateflow/tpl-MNI152NLin6Asym timestamp=1641373129.977399s
f1d0a937-416c-49c0-b07d-e706fb887ad2 mathiasg@amarna:~/occ/templateflow/templateflow/tpl-MNI152NLin6Asym timestamp=1754671215s
f9e17250-45b5-43fc-85b3-bf9516900d4c oesteban@dendrite:~/datalad/templateflow/tpl-MNI152NLin6Asym timestamp=1583952099.120475s
fd5b9338-02a1-412a-ae5c-be792d438dc1 root@0ea0ad9498a3:/github/workspace/templateflow/tpl-MNI152NLin6Asym timestamp=1767687183.815852s
